// Jest Snapshot v1, https://goo.gl/fbAQLP

exports[`Hooks #shouldCall [ @skip-on-coverage ] gas cost of shouldCall 1`] = `327`;

exports[`Hooks #shouldCall gas cost of shouldCall 1`] = `7`;

exports[`Hooks #validateHookAddress [ @skip-on-coverage ] gas cost of validateHookAddress 1`] = `3981`;

exports[`Hooks #validateHookAddress gas cost of validateHookAddress 1`] = `1443`;
