// Jest Snapshot v1, https://goo.gl/fbAQLP

exports[`SqrtPriceMath #getAmount0Delta gas cost for amount0 where roundUp = true 1`] = `668`;

exports[`SqrtPriceMath #getAmount0Delta gas cost for amount0 where roundUp = true 2`] = `550`;

exports[`SqrtPriceMath #getAmount1Delta gas cost for amount0 where roundUp = false 1`] = `550`;

exports[`SqrtPriceMath #getAmount1Delta gas cost for amount0 where roundUp = true 1`] = `668`;

exports[`SqrtPriceMath #getNextSqrtPriceFromInput zeroForOne = false gas 1`] = `616`;

exports[`SqrtPriceMath #getNextSqrtPriceFromInput zeroForOne = true gas 1`] = `776`;

exports[`SqrtPriceMath #getNextSqrtPriceFromOutput zeroForOne = false gas 1`] = `873`;

exports[`SqrtPriceMath #getNextSqrtPriceFromOutput zeroForOne = true gas 1`] = `542`;
