// Jest Snapshot v1, https://goo.gl/fbAQLP

exports[`SqrtPriceMath #getAmount0Delta [ @skip-on-coverage ] gas cost for amount0 where roundUp = true 1`] = `603`;

exports[`SqrtPriceMath #getAmount0Delta [ @skip-on-coverage ] gas cost for amount0 where roundUp = true 2`] = `483`;

exports[`SqrtPriceMath #getAmount1Delta [ @skip-on-coverage ] gas cost for amount0 where roundUp = false 1`] = `483`;

exports[`SqrtPriceMath #getAmount1Delta [ @skip-on-coverage ] gas cost for amount0 where roundUp = true 1`] = `603`;

exports[`SqrtPriceMath #getNextSqrtPriceFromInput zeroForOne = false gas [ @skip-on-coverage ] 1`] = `562`;

exports[`SqrtPriceMath #getNextSqrtPriceFromInput zeroForOne = true gas [ @skip-on-coverage ] 1`] = `761`;

exports[`SqrtPriceMath #getNextSqrtPriceFromOutput zeroForOne = false gas [ @skip-on-coverage ] 1`] = `859`;

exports[`SqrtPriceMath #getNextSqrtPriceFromOutput zeroForOne = true gas [ @skip-on-coverage ] 1`] = `492`;
