// Jest Snapshot v1, https://goo.gl/fbAQLP

exports[`SwapMath #computeSwapStep gas swap one for zero exact in capped 1`] = `2189`;

exports[`SwapMath #computeSwapStep gas swap one for zero exact in partial 1`] = `3017`;

exports[`SwapMath #computeSwapStep gas swap one for zero exact out capped 1`] = `1944`;

exports[`SwapMath #computeSwapStep gas swap one for zero exact out partial 1`] = `3017`;

exports[`SwapMath #computeSwapStep gas swap zero for one exact in capped 1`] = `2178`;

exports[`SwapMath #computeSwapStep gas swap zero for one exact in partial 1`] = `3168`;

exports[`SwapMath #computeSwapStep gas swap zero for one exact out capped 1`] = `1933`;

exports[`SwapMath #computeSwapStep gas swap zero for one exact out partial 1`] = `3168`;
