// Jest Snapshot v1, https://goo.gl/fbAQLP

exports[`SwapMath #computeSwapStep gas swap one for zero exact in capped 1`] = `2209`;

exports[`SwapMath #computeSwapStep gas swap one for zero exact in partial 1`] = `3020`;

exports[`SwapMath #computeSwapStep gas swap one for zero exact out capped 1`] = `1959`;

exports[`SwapMath #computeSwapStep gas swap one for zero exact out partial 1`] = `3020`;

exports[`SwapMath #computeSwapStep gas swap zero for one exact in capped 1`] = `2198`;

exports[`SwapMath #computeSwapStep gas swap zero for one exact in partial 1`] = `3178`;

exports[`SwapMath #computeSwapStep gas swap zero for one exact out capped 1`] = `1948`;

exports[`SwapMath #computeSwapStep gas swap zero for one exact out partial 1`] = `3178`;
