// Jest Snapshot v1, https://goo.gl/fbAQLP

exports[`SwapMath #computeSwapStep gas swap one for zero exact in capped 1`] = `1961`;

exports[`SwapMath #computeSwapStep gas swap one for zero exact in partial 1`] = `2439`;

exports[`SwapMath #computeSwapStep gas swap one for zero exact out capped 1`] = `1708`;

exports[`SwapMath #computeSwapStep gas swap one for zero exact out partial 1`] = `2439`;

exports[`SwapMath #computeSwapStep gas swap zero for one exact in capped 1`] = `1960`;

exports[`SwapMath #computeSwapStep gas swap zero for one exact in partial 1`] = `2763`;

exports[`SwapMath #computeSwapStep gas swap zero for one exact out capped 1`] = `1707`;

exports[`SwapMath #computeSwapStep gas swap zero for one exact out partial 1`] = `2763`;
