// Jest Snapshot v1, https://goo.gl/fbAQLP

exports[`TWAMMMath #calculateExecutionUpdates outputs the correct results when gas 1`] = `
Object {
  "calldataByteLength": 228,
  "gasUsed": 68490,
}
`;

exports[`TWAMMMath #calculateTimeBetweenTicks outputs the correct results when gas 1`] = `
Object {
  "calldataByteLength": 164,
  "gasUsed": 56964,
}
`;
